CODE	描述(中)	级别

1000	无可用内容，但是存在可替换的默认值	W
1001	无可用内容，但是此操作可以跳过	W
-2000	关键内容缺失	E
-2001	类型转换失败	E
-2002	空内容，但此处不允许为空	E
1002	无可用内容，但是此处允许为空	W
